CAMMW_UTIL {
  global:
    cammw_util_bufmgr_deinit;
    cammw_util_bufmgr_init;
    cammw_util_bufmgr_lock_buf;
    cammw_util_bufmgr_open;
    cammw_util_bufmgr_unlock_buf;
    cammw_util_convert_boottime_to_monotonic;
    cammw_util_convert_realtime_to_monotonic;
    cammw_util_event_deinit;
    cammw_util_event_init;
    cammw_util_event_notify;
    cammw_util_event_wait;
    cammw_util_get_thermal_camera_info;
    cammw_util_get_timestamp;
    cammw_util_init_diff_timespec;
    cammw_util_msg_cli_close;
    cammw_util_msg_cli_open;
    cammw_util_msg_send;
    cammw_util_msg_sendrecv;
    cammw_util_msg_srv_close;
    cammw_util_msg_srv_create_session;
    cammw_util_msg_srv_delete_session;
    cammw_util_msg_srv_open;
    cammw_util_set_thermal;
    cammw_util_shmem_alloc_buf;
    cammw_util_shmem_alloc_image_buf;
    cammw_util_shmem_attach_image_buf;
    cammw_util_shmem_clean_buf;
    cammw_util_shmem_detach_image_buf;
    cammw_util_shmem_free_buf;
    cammw_util_shmem_import_buf;
    cammw_util_shmem_make_image_buf_from_handle;
    cammw_util_shmem_register_buf;
    cammw_util_shmem_unregister_buf;
    cammw_util_thread_create;
    cammw_util_thread_destroy;
    g_allocate_func;
    g_create_descriptor_func;
    g_destroy_descriptor_func;
    g_get_format_func;
    g_get_num_flex_planes_func;
    g_lock_flex_func;
    g_lock_func;
    g_perform_func;
    g_release_func;
    g_retain_func;
    g_set_consumer_usage_func;
    g_set_dimensions_func;
    g_set_format_func;
    g_set_producer_usage_func;
    g_unlock_func;
    _Z39cammw_util_gralloc1_add_descriptor_listiy;
    _Z39cammw_util_gralloc1_del_descriptor_listiPy;
  local:
    *;
};
